0 verbose cli C:\Program Files\nodejs\node.exe C:\Program Files\nodejs\node_modules\npm\bin\npm-cli.js
1 info using npm@11.6.2
2 info using node@v24.13.0
3 silly config load:file:C:\Program Files\nodejs\node_modules\npm\npmrc
4 silly config load:file:C:\Users\rivej\Documents\alphalog-pwa\.npmrc
5 silly config load:file:C:\Users\rivej\.npmrc
6 silly config load:file:C:\Users\rivej\AppData\Roaming\npm\etc\npmrc
7 verbose title npm install
8 verbose argv "install" "--no-audit" "--no-fund" "--cache" ".npm-cache"
9 verbose logfile logs-max:10 dir:C:\Users\rivej\Documents\alphalog-pwa\.npm-cache\_logs\2026-01-25T23_51_28_689Z-
10 verbose logfile C:\Users\rivej\Documents\alphalog-pwa\.npm-cache\_logs\2026-01-25T23_51_28_689Z-debug-0.log
11 silly logfile done cleaning log files
12 http fetch GET https://registry.npmjs.org/npm attempt 1 failed with ECONNREFUSED
13 silly packumentCache heap:4496293888 maxSize:1124073472 maxEntrySize:562036736
14 silly idealTree buildDeps
15 silly fetch manifest next-pwa@^5.6.0
16 silly packumentCache full:https://registry.npmjs.org/next-pwa cache-miss
17 silly placeDep ROOT next-pwa@ OK for: alphalog-pwa@0.1.0 want: ^5.6.0
18 verbose stack Error: request to https://registry.npmjs.org/next-pwa failed: cache mode is 'only-if-cached' but no cached response is available.
18 verbose stack     at cacheFetch (C:\Program Files\nodejs\node_modules\npm\node_modules\make-fetch-happen\lib\cache\index.js:12:13)
18 verbose stack     at async fetch (C:\Program Files\nodejs\node_modules\npm\node_modules\make-fetch-happen\lib\fetch.js:98:7)
18 verbose stack     at async RegistryFetcher.packument (C:\Program Files\nodejs\node_modules\npm\node_modules\pacote\lib\registry.js:90:19)
18 verbose stack     at async RegistryFetcher.manifest (C:\Program Files\nodejs\node_modules\npm\node_modules\pacote\lib\registry.js:128:23)
18 verbose stack     at async #fetchManifest (C:\Program Files\nodejs\node_modules\npm\node_modules\@npmcli\arborist\lib\arborist\build-ideal-tree.js:1227:20)
18 verbose stack     at async #nodeFromEdge (C:\Program Files\nodejs\node_modules\npm\node_modules\@npmcli\arborist\lib\arborist\build-ideal-tree.js:1065:19)
18 verbose stack     at async #buildDepStep (C:\Program Files\nodejs\node_modules\npm\node_modules\@npmcli\arborist\lib\arborist\build-ideal-tree.js:929:11)
18 verbose stack     at async Arborist.buildIdealTree (C:\Program Files\nodejs\node_modules\npm\node_modules\@npmcli\arborist\lib\arborist\build-ideal-tree.js:182:7)
18 verbose stack     at async Promise.all (index 1)
18 verbose stack     at async Arborist.reify (C:\Program Files\nodejs\node_modules\npm\node_modules\@npmcli\arborist\lib\arborist\reify.js:114:5)
19 error code ENOTCACHED
20 error request to https://registry.npmjs.org/next-pwa failed: cache mode is 'only-if-cached' but no cached response is available.
21 silly unfinished npm timer reify 1769385089002
22 silly unfinished npm timer reify:loadTrees 1769385089002
23 verbose cwd C:\Users\rivej\Documents\alphalog-pwa
24 verbose os Windows_NT 10.0.26200
25 verbose node v24.13.0
26 verbose npm  v11.6.2
27 verbose exit 1
28 verbose code 1
29 error A complete log of this run can be found in: C:\Users\rivej\Documents\alphalog-pwa\.npm-cache\_logs\2026-01-25T23_51_28_689Z-debug-0.log
