0 verbose cli C:\Program Files\nodejs\node.exe C:\Program Files\nodejs\node_modules\npm\bin\npm-cli.js
1 info using npm@11.6.2
2 info using node@v24.13.0
3 silly config load:file:C:\Program Files\nodejs\node_modules\npm\npmrc
4 silly config load:file:C:\Users\rivej\Documents\alphalog-pwa\.npmrc
5 silly config load:file:C:\Users\rivej\.npmrc
6 silly config load:file:C:\Users\rivej\AppData\Roaming\npm\etc\npmrc
7 verbose title npm install
8 verbose argv "install" "--no-audit" "--no-fund" "--cache" ".npm-cache"
9 verbose logfile logs-max:10 dir:C:\Users\rivej\Documents\alphalog-pwa\.npm-cache\_logs\2026-01-25T23_51_39_775Z-
10 verbose logfile C:\Users\rivej\Documents\alphalog-pwa\.npm-cache\_logs\2026-01-25T23_51_39_775Z-debug-0.log
11 silly logfile done cleaning log files
12 silly packumentCache heap:4496293888 maxSize:1124073472 maxEntrySize:562036736
13 silly idealTree buildDeps
14 silly fetch manifest next-pwa@^5.6.0
15 silly packumentCache full:https://registry.npmjs.org/next-pwa cache-miss
16 http fetch GET https://registry.npmjs.org/next-pwa attempt 1 failed with ECONNREFUSED
17 http fetch GET https://registry.npmjs.org/next-pwa attempt 2 failed with ECONNREFUSED
18 http fetch GET https://registry.npmjs.org/next-pwa attempt 3 failed with ECONNREFUSED
19 silly placeDep ROOT next-pwa@ OK for: alphalog-pwa@0.1.0 want: ^5.6.0
20 verbose type system
21 verbose stack FetchError: request to https://registry.npmjs.org/next-pwa failed, reason: connect ECONNREFUSED 127.0.0.1:9
21 verbose stack     at ClientRequest.<anonymous> (C:\Program Files\nodejs\node_modules\npm\node_modules\minipass-fetch\lib\index.js:130:14)
21 verbose stack     at ClientRequest.emit (node:events:508:28)
21 verbose stack     at emitErrorEvent (node:_http_client:108:11)
21 verbose stack     at _destroy (node:_http_client:962:9)
21 verbose stack     at onSocketNT (node:_http_client:982:5)
21 verbose stack     at process.processTicksAndRejections (node:internal/process/task_queues:90:21)
22 error code ECONNREFUSED
23 error syscall connect
24 error errno ECONNREFUSED
25 error FetchError: request to https://registry.npmjs.org/next-pwa failed, reason: connect ECONNREFUSED 127.0.0.1:9
25 error     at ClientRequest.<anonymous> (C:\Program Files\nodejs\node_modules\npm\node_modules\minipass-fetch\lib\index.js:130:14)
25 error     at ClientRequest.emit (node:events:508:28)
25 error     at emitErrorEvent (node:_http_client:108:11)
25 error     at _destroy (node:_http_client:962:9)
25 error     at onSocketNT (node:_http_client:982:5)
25 error     at process.processTicksAndRejections (node:internal/process/task_queues:90:21) {
25 error   code: 'ECONNREFUSED',
25 error   errno: 'ECONNREFUSED',
25 error   syscall: 'connect',
25 error   address: '127.0.0.1',
25 error   port: 9,
25 error   type: 'system',
25 error   requiredBy: '.'
25 error }
26 error
26 error If you are behind a proxy, please make sure that the
26 error 'proxy' config is set properly.  See: 'npm help config'
27 silly unfinished npm timer reify 1769385100058
28 silly unfinished npm timer reify:loadTrees 1769385100060
29 verbose cwd C:\Users\rivej\Documents\alphalog-pwa
30 verbose os Windows_NT 10.0.26200
31 verbose node v24.13.0
32 verbose npm  v11.6.2
33 verbose exit 1
34 verbose code 1
35 error A complete log of this run can be found in: C:\Users\rivej\Documents\alphalog-pwa\.npm-cache\_logs\2026-01-25T23_51_39_775Z-debug-0.log
